### [candidate] configure Thu Aug 27 20:01:28 KST 2026
-- The CXX compiler identification is GNU 13.3.0
-- Detecting CXX compiler ABI info
-- Detecting CXX compiler ABI info - done
-- Check for working CXX compiler: /usr/bin/c++ - skipped
-- Detecting CXX compile features
-- Detecting CXX compile features - done
-- Using header-only CGAL
-- Targeting Unix Makefiles
-- Using /usr/bin/c++ compiler.
-- Found GMP: /usr/lib/x86_64-linux-gnu/libgmp.so  
-- Found MPFR: /usr/lib/x86_64-linux-gnu/libmpfr.so  
-- Found Boost: /usr/lib/x86_64-linux-gnu/cmake/Boost-1.83.0/BoostConfig.cmake (found suitable version "1.83.0", minimum required is "1.66")  
-- Boost include dirs: /usr/include
-- Boost libraries:    
-- Performing Test CMAKE_HAVE_LIBC_PTHREAD
-- Performing Test CMAKE_HAVE_LIBC_PTHREAD - Success
-- Found Threads: TRUE  
-- Using gcc version 4 or later. Adding -frounding-math
-- Configuring done (5.3s)
-- Generating done (0.1s)
-- Build files have been written to: /home/sjp/b_candidate
### [candidate] configure rc=0
### [candidate] build Thu Aug 27 20:01:34 KST 2026
[  0%] Building CXX object CMakeFiles/all_flags.dir/src/discrete_frechet_light.cpp.o
[  5%] Building CXX object lib/cgal_disk_arrangements/CMakeFiles/disc_arrangement_traversal.dir/disc_arrangement_traversal.cpp.o
[ 11%] Building CXX object CMakeFiles/all_flags.dir/src/discrete_frechet_naive.cpp.o
[ 17%] Building CXX object CMakeFiles/all_flags.dir/src/frechet_light.cpp.o
[ 23%] Building CXX object CMakeFiles/all_flags.dir/src/frechet_naive.cpp.o
[ 23%] Building CXX object CMakeFiles/all_flags.dir/src/geometry_basics.cpp.o
[ 29%] Building CXX object CMakeFiles/all_flags.dir/src/filter.cpp.o
[ 35%] Building CXX object CMakeFiles/all_flags.dir/src/orth_range_search.cpp.o
[ 41%] Building CXX object CMakeFiles/all_flags.dir/src/parser.cpp.o
[ 41%] Building CXX object CMakeFiles/all_flags.dir/src/query.cpp.o
[ 47%] Building CXX object CMakeFiles/all_flags.dir/src/times.cpp.o
[ 52%] Building CXX object CMakeFiles/all_flags.dir/src/fut_query.cpp.o
[ 58%] Building CXX object CMakeFiles/all_flags.dir/src/frechet_under_translation.cpp.o
[ 64%] Building CXX object CMakeFiles/all_flags.dir/src/curve_fut.cpp.o
[ 64%] Building CXX object CMakeFiles/all_flags.dir/src/curve_parameters.cpp.o
[ 70%] Building CXX object CMakeFiles/all_flags.dir/src/fut_n6_algorithm.cpp.o
[ 76%] Building CXX object CMakeFiles/all_flags.dir/src/divide_and_conquer_vis.cpp.o
[ 76%] Built target all_flags
[ 82%] Linking CXX shared library libdisc_arrangement_traversal.so
[ 82%] Built target disc_arrangement_traversal
[ 82%] Building CXX object CMakeFiles/calc_frechet_distance_under_translation.dir/src/calc_frechet_distance_under_translation.cpp.o
[ 88%] Building CXX object CMakeFiles/calc_frechet_distance_under_translation.dir/src/freespace_light_vis.cpp.o
[ 94%] Building CXX object CMakeFiles/calc_frechet_distance_under_translation.dir/src/certificate.cpp.o
[100%] Linking CXX executable calc_frechet_distance_under_translation
[100%] Built target calc_frechet_distance_under_translation
### [candidate] build rc=0
### [candidate] artifact:
-rwxr-xr-x 1 sjp sjp 7812976 Aug 27 20:02 /home/sjp/b_candidate/calc_frechet_distance_under_translation
### [candidate] DONE Thu Aug 27 20:02:05 KST 2026
