case         original(ms)    cand2(ms)    ratio    match
---------------------------------------------------------------
n0100_p0             91.0         37.9    2.40x       OK
n0100_p1             59.0         23.4    2.52x       OK
  SUBTOTAL          150.0         61.3    2.45x   (n=0100 total)
---------------------------------------------------------------
n0200_p0            280.7        155.9    1.80x       OK
n0200_p1             98.7         78.8    1.25x       OK
  SUBTOTAL          379.4        234.7    1.62x   (n=0200 total)
---------------------------------------------------------------
n0400_p0            267.8        253.6    1.06x       OK
n0400_p1            545.3        321.7    1.70x       OK
  SUBTOTAL          813.1        575.3    1.41x   (n=0400 total)
---------------------------------------------------------------
n0600_p0            342.0        330.7    1.03x       OK
n0600_p1            444.4        381.8    1.16x       OK
  SUBTOTAL          786.4        712.5    1.10x   (n=0600 total)
---------------------------------------------------------------
n0800_p0            587.7        554.9    1.06x       OK
n0800_p1            617.8        585.7    1.05x       OK
  SUBTOTAL         1205.5       1140.6    1.06x   (n=0800 total)
---------------------------------------------------------------
n1000_p0            623.6        610.4    1.02x       OK
n1000_p1           1142.7        985.1    1.16x       OK
  SUBTOTAL         1766.3       1595.5    1.11x   (n=1000 total)
---------------------------------------------------------------
